// Jest Snapshot v1, https://goo.gl/fbAQLP

exports[`Repositories view should match with snapshot 1`] = `
<React.Fragment>
  <div
    className="repositories"
  >
    <div
      className="repositories__row"
    >
      <Input
        className="input input--medium"
        placeholder="search by tag"
      />
    </div>
    <div
      className="repositories__row"
    >
      <Table
        body={
          Array [
            Object {
              "description": "Lorem ipsum dolor sit amet, consectetur adipisicing elit. Laboriosam, nihil.s",
              "id": 1,
              "language": "go",
              "name": "kubernetes",
              "tag": "",
            },
            Object {
              "description": "Lorem ipsum dolor sit amet, consectetur adipisicing elit. Laboriosam, nihil.s",
              "id": 2,
              "language": "python",
              "name": "django",
              "tag": "",
            },
            Object {
              "description": "Lorem ipsum dolor sit amet, consectetur adipisicing elit. Laboriosam, nihil.s",
              "id": 3,
              "language": "javascript",
              "name": "jest",
              "tag": "",
            },
          ]
        }
        header={
          Array [
            "Repository",
            "Description",
            "Language",
            "Tags",
            "",
          ]
        }
      />
    </div>
  </div>
</React.Fragment>
`;
