// Jest Snapshot v1, https://goo.gl/fbAQLP

exports[`Repositories View should match view with loading 1`] = `
<Progressbar
  text="Getting the repositories list from Github"
/>
`;

exports[`Repositories View should match view with table 1`] = `
<div
  className="repositories"
>
  <div
    className="repositories__row"
  >
    <Input
      className="input input--medium"
      placeholder="search by tag"
    />
  </div>
  <div
    className="repositories__row"
  >
    <Table
      baseUrl="/test"
      body={
        Array [
          Object {
            "name": "mongodb",
          },
        ]
      }
      header={
        Array [
          "Repository",
          "Description",
          "Language",
          "Tags",
          "",
        ]
      }
    />
  </div>
</div>
`;
