// Jest Snapshot v1, https://goo.gl/fbAQLP

exports[`ModalTags component should match with snapshot 1`] = `
<ModalUI
  cancel={[Function]}
  confirm={[Function]}
  isOpen={true}
  title="edit tags for mongodb"
>
  <Input
    autoFocus={true}
    className="input input--full"
    onChange={[Function]}
    placeholder="Create new tags"
  />
</ModalUI>
`;
