// Jest Snapshot v1, https://goo.gl/fbAQLP

exports[`Home view should match with snapshot 1`] = `
<div
  className="home"
>
  <div
    className="home__row"
  >
    https://github.com/
    <Input
      placeholder="username"
    />
  </div>
  <div
    className="home__row"
  >
    <Button>
      get repositories
    </Button>
  </div>
</div>
`;
