// Jest Snapshot v1, https://goo.gl/fbAQLP

exports[`Home view should match with snapshot 1`] = `
<div
  className="home"
>
  <div
    className="home__row"
  >
    https://github.com/
    <Input
      onChange={[Function]}
      placeholder="username"
    />
  </div>
  <div
    className="home__row"
  >
    <Link
      replace={false}
      to="/repositories"
    >
      <Button
        onClick={[Function]}
      >
        get repositories
        <i
          className="fas fa-caret-right"
        />
      </Button>
    </Link>
  </div>
</div>
`;
